../Src/syscalls.c:38:6:ITM_SendChar	16	static
../Src/syscalls.c:62:6:initialise_monitor_handles	4	static
../Src/syscalls.c:66:5:_getpid	4	static
../Src/syscalls.c:71:5:_kill	16	static
../Src/syscalls.c:79:6:_exit	16	static
../Src/syscalls.c:85:27:_read	32	static
../Src/syscalls.c:98:27:_write	32	static
../Src/syscalls.c:111:5:_close	16	static
../Src/syscalls.c:118:5:_fstat	16	static
../Src/syscalls.c:125:5:_isatty	16	static
../Src/syscalls.c:131:5:_lseek	24	static
../Src/syscalls.c:139:5:_open	12	static
../Src/syscalls.c:147:5:_wait	16	static
../Src/syscalls.c:154:5:_unlink	16	static
../Src/syscalls.c:161:5:_times	16	static
../Src/syscalls.c:167:5:_stat	16	static
../Src/syscalls.c:174:5:_link	16	static
../Src/syscalls.c:182:5:_fork	8	static
../Src/syscalls.c:188:5:_execve	24	static
